test1: (g=0): rw=randrw, bs=(R) 64.0KiB-64.0KiB, (W) 64.0KiB-64.0KiB, (T) 64.0KiB-64.0KiB, ioengine=libaio, iodepth=16
...
fio-3.36
Starting 4 processes
test1: Laying out IO file (1 file / 51200MiB)
test1: Laying out IO file (1 file / 51200MiB)


Run status group 0 (all jobs):
test1: Laying out IO file (1 file / 51200MiB)
test1: Laying out IO file (1 file / 51200MiB)


Run status group 0 (all jobs):

test1: (groupid=0, jobs=4): err= 0: pid=1010503: Fri Sep 11 08:34:43 2026
  read: IOPS=35.0k, BW=2187MiB/s (2294MB/s)(37.4GiB/17505msec)
  write: IOPS=15.0k, BW=937MiB/s (983MB/s)(16.0GiB/17505msec); 0 zone resets
  cpu          : usr=3.23%, sys=8.06%, ctx=836583, majf=0, minf=24
  IO depths    : 1=10.5%, 2=20.9%, 4=39.4%, 8=9.8%, 16=19.4%, 32=0.0%, >=64=0.0%
     submit    : 0=0.0%, 4=100.0%, 8=0.0%, 16=0.0%, 32=0.0%, 64=0.0%, >=64=0.0%
     complete  : 0=0.0%, 4=100.0%, 8=0.0%, 16=0.0%, 32=0.0%, 64=0.0%, >=64=0.0%
     issued rwts: total=612725,262597,0,0 short=0,0,0,0 dropped=0,0,0,0
     latency   : target=0, window=0, percentile=100.00%, depth=16

Run status group 0 (all jobs):
   READ: bw=2187MiB/s (2294MB/s), 2187MiB/s-2187MiB/s (2294MB/s-2294MB/s), io=37.4GiB (40.2GB), run=17505-17505msec
  WRITE: bw=937MiB/s (983MB/s), 937MiB/s-937MiB/s (983MB/s-983MB/s), io=16.0GiB (17.2GB), run=17505-17505msec

test1: (groupid=0, jobs=4): err= 0: pid=1010503: Fri Sep 11 08:35:13 2026
  read: IOPS=35.0k, BW=2188MiB/s (2294MB/s)(101GiB/47505msec)
  write: IOPS=15.0k, BW=938MiB/s (983MB/s)(43.5GiB/47505msec); 0 zone resets
  cpu          : usr=3.27%, sys=7.99%, ctx=2270706, majf=0, minf=28
  IO depths    : 1=10.4%, 2=20.9%, 4=39.2%, 8=9.9%, 16=19.7%, 32=0.0%, >=64=0.0%
     submit    : 0=0.0%, 4=100.0%, 8=0.0%, 16=0.0%, 32=0.0%, 64=0.0%, >=64=0.0%
     complete  : 0=0.0%, 4=100.0%, 8=0.0%, 16=0.0%, 32=0.0%, 64=0.0%, >=64=0.0%
     issued rwts: total=1662716,712594,0,0 short=0,0,0,0 dropped=0,0,0,0
     latency   : target=0, window=0, percentile=100.00%, depth=16

Run status group 0 (all jobs):
   READ: bw=2188MiB/s (2294MB/s), 2188MiB/s-2188MiB/s (2294MB/s-2294MB/s), io=101GiB (109GB), run=47505-47505msec
  WRITE: bw=938MiB/s (983MB/s), 938MiB/s-938MiB/s (983MB/s-983MB/s), io=43.5GiB (46.7GB), run=47505-47505msec

test1: (groupid=0, jobs=4): err= 0: pid=1010503: Fri Sep 11 08:35:43 2026
  read: IOPS=35.0k, BW=2187MiB/s (2294MB/s)(166GiB/77505msec)
  write: IOPS=15.0k, BW=937MiB/s (983MB/s)(71.0GiB/77505msec); 0 zone resets
  cpu          : usr=3.34%, sys=8.07%, ctx=3723056, majf=0, minf=28
  IO depths    : 1=10.9%, 2=21.7%, 4=40.6%, 8=9.9%, 16=16.9%, 32=0.0%, >=64=0.0%
     submit    : 0=0.0%, 4=100.0%, 8=0.0%, 16=0.0%, 32=0.0%, 64=0.0%, >=64=0.0%
     complete  : 0=0.0%, 4=100.0%, 8=0.0%, 16=0.0%, 32=0.0%, 64=0.0%, >=64=0.0%
     issued rwts: total=2712694,1162584,0,0 short=0,0,0,0 dropped=0,0,0,0
     latency   : target=0, window=0, percentile=100.00%, depth=16

Run status group 0 (all jobs):
   READ: bw=2187MiB/s (2294MB/s), 2187MiB/s-2187MiB/s (2294MB/s-2294MB/s), io=166GiB (178GB), run=77505-77505msec
  WRITE: bw=937MiB/s (983MB/s), 937MiB/s-937MiB/s (983MB/s-983MB/s), io=71.0GiB (76.2GB), run=77505-77505msec

test1: (groupid=0, jobs=4): err= 0: pid=1010503: Fri Sep 11 08:36:13 2026
  read: IOPS=35.0k, BW=2187MiB/s (2294MB/s)(230GiB/107505msec)
  write: IOPS=15.0k, BW=937MiB/s (983MB/s)(98.4GiB/107505msec); 0 zone resets
  cpu          : usr=3.35%, sys=8.07%, ctx=5160176, majf=0, minf=28
  IO depths    : 1=10.8%, 2=21.6%, 4=40.4%, 8=10.0%, 16=17.2%, 32=0.0%, >=64=0.0%
     submit    : 0=0.0%, 4=100.0%, 8=0.0%, 16=0.0%, 32=0.0%, 64=0.0%, >=64=0.0%
     complete  : 0=0.0%, 4=100.0%, 8=0.0%, 16=0.0%, 32=0.0%, 64=0.0%, >=64=0.0%
     issued rwts: total=3762698,1612586,0,0 short=0,0,0,0 dropped=0,0,0,0
     latency   : target=0, window=0, percentile=100.00%, depth=16

Run status group 0 (all jobs):
   READ: bw=2187MiB/s (2294MB/s), 2187MiB/s-2187MiB/s (2294MB/s-2294MB/s), io=230GiB (247GB), run=107505-107505msec
  WRITE: bw=937MiB/s (983MB/s), 937MiB/s-937MiB/s (983MB/s-983MB/s), io=98.4GiB (106GB), run=107505-107505msec

test1: (groupid=0, jobs=4): err= 0: pid=1010503: Fri Sep 11 08:37:15 2026
  read: IOPS=32.8k, BW=2049MiB/s (2149MB/s)(60.0GiB/29999msec)
    slat (nsec): min=2083, max=62794, avg=5441.23, stdev=1742.10
    clat (usec): min=172, max=72071, avg=482.90, stdev=920.04
     lat (usec): min=178, max=72076, avg=488.34, stdev=920.10
    clat percentiles (usec):
     | 50.000th=[  351], 95.000th=[  922], 99.000th=[ 2540], 99.990th=[34866],
     | 99.999th=[59507], 100.000th=[71828]
   bw (  MiB/s): min=  550, max= 2392, per=100.00%, avg=2119.85, stdev=77.01, samples=116
   iops        : min= 8805, max=38285, avg=33917.34, stdev=1232.21, samples=116
  write: IOPS=14.0k, BW=878MiB/s (921MB/s)(25.7GiB/29999msec); 0 zone resets
    slat (nsec): min=2504, max=64427, avg=6111.43, stdev=1863.33
    clat (usec): min=269, max=21723k, avg=910.51, stdev=81966.24
     lat (usec): min=274, max=21723k, avg=916.62, stdev=81966.24
    clat percentiles (usec):
     | 50.000th=[     465], 95.000th=[    1074], 99.000th=[    2704],
     | 99.990th=[   33817], 99.999th=[17112761], 100.000th=[17112761]
   bw (  KiB/s): min=239488, max=1041664, per=100.00%, avg=930127.14, stdev=33880.88, samples=116
   iops        : min= 3742, max=16276, avg=14532.97, stdev=529.37, samples=116
  lat (usec)   : 250=4.90%, 500=69.06%, 750=17.31%, 1000=3.95%
  lat (msec)   : 2=3.23%, 4=1.03%, 10=0.37%, 20=0.10%, 50=0.04%
  lat (msec)   : 100=0.01%, >=2000=0.01%
  cpu          : usr=3.14%, sys=7.52%, ctx=1349216, majf=0, minf=142
  IO depths    : 1=11.0%, 2=22.0%, 4=40.3%, 8=9.4%, 16=17.3%, 32=0.0%, >=64=0.0%
     submit    : 0=0.0%, 4=100.0%, 8=0.0%, 16=0.0%, 32=0.0%, 64=0.0%, >=64=0.0%
     complete  : 0=0.0%, 4=100.0%, 8=0.0%, 16=0.0%, 32=0.0%, 64=0.0%, >=64=0.0%
     issued rwts: total=983553,421437,0,0 short=0,0,0,0 dropped=0,0,0,0
     latency   : target=0, window=0, percentile=100.00%, depth=16

Run status group 0 (all jobs):
   READ: bw=2049MiB/s (2149MB/s), 2049MiB/s-2049MiB/s (2149MB/s-2149MB/s), io=60.0GiB (64.5GB), run=29999-29999msec
  WRITE: bw=878MiB/s (921MB/s), 878MiB/s-878MiB/s (921MB/s-921MB/s), io=25.7GiB (27.6GB), run=29999-29999msec

test1: (groupid=0, jobs=4): err= 0: pid=1010503: Fri Sep 11 08:37:25 2026
  read: IOPS=21.7k, BW=1357MiB/s (1423MB/s)(79.5GiB/59999msec)
    slat (nsec): min=2083, max=62794, avg=5566.33, stdev=1693.50
    clat (usec): min=172, max=27154k, avg=1560.45, stdev=161313.91
     lat (usec): min=178, max=27154k, avg=1566.02, stdev=161313.91
    clat percentiles (usec):
     | 50.000th=[     404], 95.000th=[    1303], 99.000th=[    2474],
     | 99.990th=[   35914], 99.999th=[17112761], 100.000th=[17112761]
   bw (  MiB/s): min=  550, max= 3325, per=100.00%, avg=2078.77, stdev=148.84, samples=156
   iops        : min= 8805, max=53214, avg=33260.15, stdev=2381.41, samples=156
  write: IOPS=9295, BW=581MiB/s (609MB/s)(34.0GiB/59999msec); 0 zone resets
    slat (nsec): min=2483, max=64427, avg=6282.94, stdev=1841.93
    clat (usec): min=259, max=21738k, avg=1308.03, stdev=123427.30
     lat (usec): min=266, max=21738k, avg=1314.31, stdev=123427.30
    clat percentiles (usec):
     | 50.000th=[     486], 95.000th=[    1090], 99.000th=[    2409],
     | 99.990th=[   33424], 99.999th=[17112761], 100.000th=[17112761]
   bw (  KiB/s): min=   27, max=1465792, per=100.00%, avg=888771.65, stdev=74176.01, samples=160
   iops        : min=    0, max=22903, avg=13886.85, stdev=1159.00, samples=160
  lat (usec)   : 250=3.76%, 500=55.65%, 750=18.98%, 1000=11.50%
  lat (msec)   : 2=8.57%, 4=1.13%, 10=0.30%, 20=0.07%, 50=0.03%
  lat (msec)   : 100=0.01%, >=2000=0.01%
  cpu          : usr=1.75%, sys=5.03%, ctx=1741816, majf=0, minf=142
  IO depths    : 1=8.3%, 2=16.6%, 4=30.4%, 8=7.1%, 16=37.6%, 32=0.0%, >=64=0.0%
     submit    : 0=0.0%, 4=100.0%, 8=0.0%, 16=0.0%, 32=0.0%, 64=0.0%, >=64=0.0%
     complete  : 0=0.0%, 4=100.0%, 8=0.0%, 16=0.0%, 32=0.0%, 64=0.0%, >=64=0.0%
     issued rwts: total=1302440,557749,0,0 short=0,0,0,0 dropped=0,0,0,0
     latency   : target=0, window=0, percentile=100.00%, depth=16

Run status group 0 (all jobs):
   READ: bw=1357MiB/s (1423MB/s), 1357MiB/s-1357MiB/s (1423MB/s-1423MB/s), io=79.5GiB (85.4GB), run=59999-59999msec
  WRITE: bw=581MiB/s (609MB/s), 581MiB/s-581MiB/s (609MB/s-609MB/s), io=34.0GiB (36.6GB), run=59999-59999msec

test1: (groupid=0, jobs=4): err= 0: pid=1010503: Fri Sep 11 08:37:55 2026
  read: IOPS=31.6k, BW=1973MiB/s (2069MB/s)(173GiB/89999msec)
    slat (nsec): min=2083, max=83807, avg=5877.34, stdev=1641.62
    clat (usec): min=172, max=27154k, avg=1221.93, stdev=109217.22
     lat (usec): min=178, max=27154k, avg=1227.81, stdev=109217.22
    clat percentiles (usec):
     | 50.000th=[     676], 95.000th=[    1631], 99.000th=[    3425],
     | 99.990th=[   38011], 99.999th=[17112761], 100.000th=[17112761]
   bw (  MiB/s): min=  550, max= 3916, per=100.00%, avg=2570.20, stdev=199.47, samples=276
   iops        : min= 8805, max=62664, avg=41123.03, stdev=3191.56, samples=276
  write: IOPS=13.5k, BW=844MiB/s (885MB/s)(74.2GiB/89999msec); 0 zone resets
    slat (nsec): min=2404, max=75273, avg=6673.10, stdev=1808.92
    clat (usec): min=249, max=21738k, avg=983.26, stdev=83605.64
     lat (usec): min=255, max=21738k, avg=989.94, stdev=83605.64
    clat percentiles (usec):
     | 50.000th=[     519], 95.000th=[    1303], 99.000th=[    2966],
     | 99.990th=[   35914], 99.999th=[17112761], 100.000th=[17112761]
   bw (  MiB/s): min=    0, max= 1671, per=100.00%, avg=1083.98, stdev=91.03, samples=280
   iops        : min=    0, max=26742, avg=17343.61, stdev=1456.56, samples=280
  lat (usec)   : 250=1.99%, 500=39.74%, 750=22.08%, 1000=19.30%
  lat (msec)   : 2=13.96%, 4=2.29%, 10=0.55%, 20=0.07%, 50=0.03%
  lat (msec)   : 100=0.01%, >=2000=0.01%
  cpu          : usr=1.51%, sys=7.75%, ctx=3527163, majf=0, minf=142
  IO depths    : 1=3.8%, 2=7.6%, 4=13.9%, 8=3.3%, 16=71.4%, 32=0.0%, >=64=0.0%
     submit    : 0=0.0%, 4=100.0%, 8=0.0%, 16=0.0%, 32=0.0%, 64=0.0%, >=64=0.0%
     complete  : 0=0.0%, 4=100.0%, 8=0.0%, 16=0.0%, 32=0.0%, 64=0.0%, >=64=0.0%
     issued rwts: total=2841406,1215671,0,0 short=0,0,0,0 dropped=0,0,0,0
     latency   : target=0, window=0, percentile=100.00%, depth=16

Run status group 0 (all jobs):
   READ: bw=1973MiB/s (2069MB/s), 1973MiB/s-1973MiB/s (2069MB/s-2069MB/s), io=173GiB (186GB), run=89999-89999msec
  WRITE: bw=844MiB/s (885MB/s), 844MiB/s-844MiB/s (885MB/s-885MB/s), io=74.2GiB (79.7GB), run=89999-89999msec

test1: (groupid=0, jobs=4): err= 0: pid=1010503: Fri Sep 11 08:38:25 2026
  read: IOPS=35.0k, BW=2187MiB/s (2294MB/s)(256GiB/119999msec)
    slat (nsec): min=1993, max=83807, avg=5892.50, stdev=1633.12
    clat (usec): min=172, max=27154k, avg=1071.53, stdev=89835.20
     lat (usec): min=178, max=27154k, avg=1077.42, stdev=89835.20
    clat percentiles (usec):
     | 50.000th=[     644], 95.000th=[    1614], 99.000th=[    3490],
     | 99.990th=[   48497], 99.999th=[17112761], 100.000th=[17112761]
   bw (  MiB/s): min=  550, max= 4545, per=100.00%, avg=2649.53, stdev=201.51, samples=396
   iops        : min= 8805, max=72723, avg=42392.46, stdev=3224.16, samples=396
  write: IOPS=15.0k, BW=937MiB/s (983MB/s)(110GiB/119999msec); 0 zone resets
    slat (nsec): min=2404, max=75273, avg=6697.59, stdev=1792.53
    clat (usec): min=249, max=21738k, avg=885.86, stdev=68711.66
     lat (usec): min=255, max=21738k, avg=892.56, stdev=68711.66
    clat percentiles (usec):
     | 50.000th=[     519], 95.000th=[    1303], 99.000th=[    2999],
     | 99.990th=[   47449], 99.999th=[17112761], 100.000th=[17112761]
   bw (  MiB/s): min=    0, max= 1976, per=100.00%, avg=1124.16, stdev=91.07, samples=400
   iops        : min=    0, max=31622, avg=17986.43, stdev=1457.08, samples=400
  lat (usec)   : 250=1.68%, 500=40.45%, 750=23.43%, 1000=18.46%
  lat (msec)   : 2=13.08%, 4=2.21%, 10=0.57%, 20=0.07%, 50=0.03%
  lat (msec)   : 100=0.01%, 250=0.01%, >=2000=0.01%
  cpu          : usr=1.60%, sys=8.60%, ctx=5158359, majf=0, minf=142
  IO depths    : 1=3.4%, 2=6.7%, 4=12.5%, 8=6.1%, 16=71.3%, 32=0.0%, >=64=0.0%
     submit    : 0=0.0%, 4=100.0%, 8=0.0%, 16=0.0%, 32=0.0%, 64=0.0%, >=64=0.0%
     complete  : 0=0.0%, 4=100.0%, 8=0.0%, 16=0.0%, 32=0.0%, 64=0.0%, >=64=0.0%
     issued rwts: total=4200020,1800009,0,0 short=0,0,0,0 dropped=0,0,0,0
     latency   : target=0, window=0, percentile=100.00%, depth=16

Run status group 0 (all jobs):
   READ: bw=2187MiB/s (2294MB/s), 2187MiB/s-2187MiB/s (2294MB/s-2294MB/s), io=256GiB (275GB), run=119999-119999msec
  WRITE: bw=937MiB/s (983MB/s), 937MiB/s-937MiB/s (983MB/s-983MB/s), io=110GiB (118GB), run=119999-119999msec

test1: (groupid=0, jobs=4): err= 0: pid=1010503: Fri Sep 11 08:38:55 2026
  read: IOPS=35.0k, BW=2187MiB/s (2294MB/s)(320GiB/149999msec)
    slat (nsec): min=1993, max=83807, avg=5814.92, stdev=1651.25
    clat (usec): min=172, max=27154k, avg=986.61, stdev=80353.57
     lat (usec): min=178, max=27154k, avg=992.43, stdev=80353.57
    clat percentiles (usec):
     | 50.000th=[     578], 95.000th=[    1565], 99.000th=[    3425],
     | 99.990th=[   49546], 99.999th=[  119014], 100.000th=[17112761]
   bw (  MiB/s): min=  550, max= 4545, per=100.00%, avg=2542.19, stdev=183.17, samples=516
   iops        : min= 8805, max=72723, avg=40674.92, stdev=2930.68, samples=516
  write: IOPS=15.0k, BW=938MiB/s (983MB/s)(137GiB/149999msec); 0 zone resets
    slat (nsec): min=2313, max=75273, avg=6604.69, stdev=1810.01
    clat (usec): min=249, max=21738k, avg=838.72, stdev=61460.53
     lat (usec): min=255, max=21738k, avg=845.32, stdev=61460.53
    clat percentiles (usec):
     | 50.000th=[     515], 95.000th=[    1287], 99.000th=[    2999],
     | 99.990th=[   49546], 99.999th=[  116917], 100.000th=[17112761]
   bw (  MiB/s): min=    0, max= 1976, per=100.00%, avg=1081.13, stdev=82.26, samples=520
   iops        : min=    0, max=31622, avg=17297.95, stdev=1316.19, samples=520
  lat (usec)   : 250=1.71%, 500=43.04%, 750=23.60%, 1000=17.07%
  lat (msec)   : 2=11.81%, 4=2.11%, 10=0.55%, 20=0.07%, 50=0.04%
  lat (msec)   : 100=0.01%, 250=0.01%, >=2000=0.01%
  cpu          : usr=1.75%, sys=8.50%, ctx=6537707, majf=0, minf=142
  IO depths    : 1=4.0%, 2=7.9%, 4=15.1%, 8=10.2%, 16=62.8%, 32=0.0%, >=64=0.0%
     submit    : 0=0.0%, 4=100.0%, 8=0.0%, 16=0.0%, 32=0.0%, 64=0.0%, >=64=0.0%
     complete  : 0=0.0%, 4=100.0%, 8=0.0%, 16=0.0%, 32=0.0%, 64=0.0%, >=64=0.0%
     issued rwts: total=5249984,2249993,0,0 short=0,0,0,0 dropped=0,0,0,0
     latency   : target=0, window=0, percentile=100.00%, depth=16

Run status group 0 (all jobs):
   READ: bw=2187MiB/s (2294MB/s), 2187MiB/s-2187MiB/s (2294MB/s-2294MB/s), io=320GiB (344GB), run=149999-149999msec
  WRITE: bw=938MiB/s (983MB/s), 938MiB/s-938MiB/s (983MB/s-983MB/s), io=137GiB (147GB), run=149999-149999msec

test1: (groupid=0, jobs=4): err= 0: pid=1010503: Fri Sep 11 08:39:25 2026
  read: IOPS=35.0k, BW=2187MiB/s (2294MB/s)(385GiB/179999msec)
    slat (nsec): min=1993, max=83807, avg=5737.26, stdev=1674.70
    clat (usec): min=172, max=27154k, avg=901.25, stdev=73352.87
     lat (usec): min=178, max=27154k, avg=906.99, stdev=73352.87
    clat percentiles (usec):
     | 50.000th=[     510], 95.000th=[    1467], 99.000th=[    3195],
     | 99.990th=[   46924], 99.999th=[  111674], 100.000th=[17112761]
   bw (  MiB/s): min=  550, max= 4545, per=100.00%, avg=2475.31, stdev=168.56, samples=636
   iops        : min= 8805, max=72723, avg=39604.96, stdev=2697.02, samples=636
  write: IOPS=15.0k, BW=938MiB/s (983MB/s)(165GiB/179999msec); 0 zone resets
    slat (nsec): min=2313, max=75273, avg=6509.01, stdev=1835.08
    clat (usec): min=249, max=21738k, avg=783.21, stdev=56105.90
     lat (usec): min=255, max=21738k, avg=789.72, stdev=56105.90
    clat percentiles (usec):
     | 50.000th=[     498], 95.000th=[    1205], 99.000th=[    2802],
     | 99.990th=[   45876], 99.999th=[  110625], 100.000th=[17112761]
   bw (  MiB/s): min=    0, max= 1976, per=100.00%, avg=1054.22, stdev=75.45, samples=640
   iops        : min=    0, max=31622, avg=16867.40, stdev=1207.20, samples=640
  lat (usec)   : 250=1.83%, 500=47.51%, 750=22.64%, 1000=15.39%
  lat (msec)   : 2=10.21%, 4=1.84%, 10=0.48%, 20=0.06%, 50=0.03%
  lat (msec)   : 100=0.01%, 250=0.01%, >=2000=0.01%
  cpu          : usr=1.96%, sys=8.38%, ctx=7948790, majf=0, minf=142
  IO depths    : 1=4.8%, 2=9.7%, 4=18.4%, 8=13.1%, 16=54.0%, 32=0.0%, >=64=0.0%
     submit    : 0=0.0%, 4=100.0%, 8=0.0%, 16=0.0%, 32=0.0%, 64=0.0%, >=64=0.0%
     complete  : 0=0.0%, 4=100.0%, 8=0.0%, 16=0.0%, 32=0.0%, 64=0.0%, >=64=0.0%
     issued rwts: total=6299994,2699999,0,0 short=0,0,0,0 dropped=0,0,0,0
     latency   : target=0, window=0, percentile=100.00%, depth=16

Run status group 0 (all jobs):
   READ: bw=2187MiB/s (2294MB/s), 2187MiB/s-2187MiB/s (2294MB/s-2294MB/s), io=385GiB (413GB), run=179999-179999msec
  WRITE: bw=938MiB/s (983MB/s), 938MiB/s-938MiB/s (983MB/s-983MB/s), io=165GiB (177GB), run=179999-179999msec

test1: (groupid=0, jobs=4): err= 0: pid=1010503: Fri Sep 11 08:39:55 2026
  read: IOPS=35.0k, BW=2187MiB/s (2293MB/s)(448GiB/209999msec)
    slat (nsec): min=1993, max=83807, avg=5684.36, stdev=1695.94
    clat (usec): min=172, max=27154k, avg=839.80, stdev=67923.56
     lat (usec): min=178, max=27154k, avg=845.48, stdev=67923.56
    clat percentiles (usec):
     | 50.000th=[     474], 95.000th=[    1401], 99.000th=[    3032],
     | 99.990th=[   44303], 99.999th=[  107480], 100.000th=[17112761]
   bw (  MiB/s): min=  550, max= 4545, per=100.00%, avg=2428.23, stdev=157.10, samples=756
   iops        : min= 8805, max=72723, avg=38851.58, stdev=2513.67, samples=756
  write: IOPS=15.0k, BW=937MiB/s (983MB/s)(192GiB/209999msec); 0 zone resets
    slat (nsec): min=2313, max=88454, avg=6442.64, stdev=1851.61
    clat (usec): min=249, max=21738k, avg=751.12, stdev=51955.43
     lat (usec): min=255, max=21738k, avg=757.57, stdev=51955.43
    clat percentiles (usec):
     | 50.000th=[     490], 95.000th=[    1156], 99.000th=[    2737],
     | 99.990th=[   48497], 99.999th=[  104334], 100.000th=[17112761]
   bw (  MiB/s): min=    0, max= 1976, per=100.00%, avg=1035.20, stdev=70.16, samples=760
   iops        : min=    0, max=31622, avg=16563.17, stdev=1122.59, samples=760
  lat (usec)   : 250=2.01%, 500=50.79%, 750=21.89%, 1000=14.03%
  lat (msec)   : 2=9.10%, 4=1.65%, 10=0.43%, 20=0.06%, 50=0.03%
  lat (msec)   : 100=0.01%, 250=0.01%, >=2000=0.01%
  cpu          : usr=2.12%, sys=8.31%, ctx=9352772, majf=0, minf=142
  IO depths    : 1=5.5%, 2=11.0%, 4=20.9%, 8=14.3%, 16=48.2%, 32=0.0%, >=64=0.0%
     submit    : 0=0.0%, 4=100.0%, 8=0.0%, 16=0.0%, 32=0.0%, 64=0.0%, >=64=0.0%
     complete  : 0=0.0%, 4=100.0%, 8=0.0%, 16=0.0%, 32=0.0%, 64=0.0%, >=64=0.0%
     issued rwts: total=7347565,3148893,0,0 short=0,0,0,0 dropped=0,0,0,0
     latency   : target=0, window=0, percentile=100.00%, depth=16

Run status group 0 (all jobs):
   READ: bw=2187MiB/s (2293MB/s), 2187MiB/s-2187MiB/s (2293MB/s-2293MB/s), io=448GiB (482GB), run=209999-209999msec
  WRITE: bw=937MiB/s (983MB/s), 937MiB/s-937MiB/s (983MB/s-983MB/s), io=192GiB (206GB), run=209999-209999msec

test1: (groupid=0, jobs=4): err= 0: pid=1010503: Fri Sep 11 08:47:21 2026
  read: IOPS=31.3k, BW=1945MiB/s (2040MB/s)(456GiB/239999msec)
    slat (nsec): min=1983, max=83807, avg=5677.15, stdev=1698.62
    clat (usec): min=172, max=442471k, avg=1541.03, stdev=563650.55
     lat (usec): min=178, max=442471k, avg=1546.71, stdev=563650.55
    clat percentiles (usec):
     | 50.000th=[     469], 95.000th=[    1385], 99.000th=[    3032],
     | 99.990th=[   44303], 99.999th=[  111674], 100.000th=[17112761]
   bw (  MiB/s): min=  550, max= 4545, per=100.00%, avg=2419.07, stdev=157.38, samples=772
   iops        : min= 8805, max=72723, avg=38705.07, stdev=2518.06, samples=772
  write: IOPS=13.4k, BW=834MiB/s (874MB/s)(195GiB/239999msec); 0 zone resets
    slat (nsec): min=2313, max=88454, avg=6433.97, stdev=1853.78
    clat (usec): min=249, max=440017k, avg=1567.23, stdev=603304.82
     lat (usec): min=255, max=440017k, avg=1573.67, stdev=603304.82
    clat percentiles (usec):
     | 50.000th=[     490], 95.000th=[    1139], 99.000th=[    2704],
     | 99.990th=[   49021], 99.999th=[  110625], 100.000th=[17112761]
   bw (  MiB/s): min=    0, max= 1976, per=100.00%, avg=1031.40, stdev=70.20, samples=776
   iops        : min=    0, max=31622, avg=16502.33, stdev=1123.18, samples=776
  lat (usec)   : 250=2.03%, 500=51.06%, 750=21.83%, 1000=13.96%
  lat (msec)   : 2=8.97%, 4=1.62%, 10=0.43%, 20=0.06%, 50=0.03%
  lat (msec)   : 100=0.01%, 250=0.01%, >=2000=0.01%
  cpu          : usr=1.90%, sys=7.38%, ctx=9520787, majf=0, minf=142
  IO depths    : 1=5.6%, 2=11.2%, 4=21.1%, 8=14.4%, 16=47.7%, 32=0.0%, >=64=0.0%
     submit    : 0=0.0%, 4=100.0%, 8=0.0%, 16=0.0%, 32=0.0%, 64=0.0%, >=64=0.0%
     complete  : 0=0.0%, 4=100.0%, 8=0.0%, 16=0.0%, 32=0.0%, 64=0.0%, >=64=0.0%
     issued rwts: total=7501327,3214914,0,0 short=0,0,0,0 dropped=0,0,0,0
     latency   : target=0, window=0, percentile=100.00%, depth=16

Run status group 0 (all jobs):
   READ: bw=1945MiB/s (2040MB/s), 1945MiB/s-1945MiB/s (2040MB/s-2040MB/s), io=456GiB (490GB), run=239999-239999msec
  WRITE: bw=834MiB/s (874MB/s), 834MiB/s-834MiB/s (874MB/s-874MB/s), io=195GiB (210GB), run=239999-239999msec

test1: (groupid=0, jobs=4): err= 0: pid=1010503: Fri Sep 11 08:47:21 2026
  read: IOPS=11.4k, BW=715MiB/s (750MB/s)(458GiB/655904msec)
    slat (nsec): min=1983, max=83807, avg=5677.18, stdev=1698.63
    clat (usec): min=172, max=442471k, avg=1541.03, stdev=563643.30
     lat (usec): min=178, max=442471k, avg=1546.70, stdev=563643.30
    clat percentiles (usec):
     | 50.000th=[     469], 95.000th=[    1385], 99.000th=[    3032],
     | 99.990th=[   44303], 99.999th=[  110625], 100.000th=[17112761]
   bw (  MiB/s): min=    4, max= 4545, per=100.00%, avg=2406.62, stdev=162.82, samples=776
   iops        : min=   74, max=72723, avg=38505.94, stdev=2605.16, samples=776
  write: IOPS=4901, BW=306MiB/s (321MB/s)(196GiB/655904msec); 0 zone resets
    slat (nsec): min=2313, max=88454, avg=6434.01, stdev=1853.81
    clat (usec): min=249, max=440017k, avg=1567.22, stdev=603297.04
     lat (usec): min=255, max=440017k, avg=1573.65, stdev=603297.03
    clat percentiles (usec):
     | 50.000th=[     490], 95.000th=[    1139], 99.000th=[    2704],
     | 99.990th=[   49021], 99.999th=[  110625], 100.000th=[17112761]
   bw (  MiB/s): min=    0, max= 1976, per=100.00%, avg=1026.12, stdev=72.39, samples=780
   iops        : min=    0, max=31622, avg=16417.87, stdev=1158.30, samples=780
  lat (usec)   : 250=2.03%, 500=51.06%, 750=21.83%, 1000=13.96%
  lat (msec)   : 2=8.97%, 4=1.62%, 10=0.43%, 20=0.06%, 50=0.03%
  lat (msec)   : 100=0.01%, 250=0.01%, >=2000=0.01%
  cpu          : usr=0.70%, sys=2.71%, ctx=9558441, majf=0, minf=142
  IO depths    : 1=5.6%, 2=11.2%, 4=21.1%, 8=14.4%, 16=47.7%, 32=0.0%, >=64=0.0%
     submit    : 0=0.0%, 4=100.0%, 8=0.0%, 16=0.0%, 32=0.0%, 64=0.0%, >=64=0.0%
     complete  : 0=0.0%, 4=100.0%, 8=0.0%, 16=0.0%, 32=0.0%, 64=0.0%, >=64=0.0%
     issued rwts: total=7501529,3214996,0,0 short=0,0,0,0 dropped=0,0,0,0
     latency   : target=0, window=0, percentile=100.00%, depth=16

Run status group 0 (all jobs):
   READ: bw=715MiB/s (750MB/s), 715MiB/s-715MiB/s (750MB/s-750MB/s), io=458GiB (492GB), run=655904-655904msec
  WRITE: bw=306MiB/s (321MB/s), 306MiB/s-306MiB/s (321MB/s-321MB/s), io=196GiB (211GB), run=655904-655904msec

test1: (groupid=0, jobs=4): err= 0: pid=1010503: Fri Sep 11 08:47:51 2026
  read: IOPS=13.0k, BW=811MiB/s (850MB/s)(543GiB/685902msec)
    slat (nsec): min=1983, max=83807, avg=5732.62, stdev=1678.63
    clat (usec): min=172, max=442471k, avg=1459.08, stdev=517564.95
     lat (usec): min=178, max=442471k, avg=1464.81, stdev=517564.95
    clat percentiles (usec):
     | 50.000th=[     545], 95.000th=[    1483], 99.000th=[    3163],
     | 99.990th=[   41681], 99.999th=[  106431], 100.000th=[17112761]
   bw (  MiB/s): min=    4, max= 4545, per=100.00%, avg=2469.05, stdev=162.34, samples=892
   iops        : min=   74, max=72723, avg=39504.71, stdev=2597.38, samples=892
  write: IOPS=5557, BW=347MiB/s (364MB/s)(233GiB/685902msec); 0 zone resets
    slat (nsec): min=2313, max=88454, avg=6503.07, stdev=1834.36
    clat (usec): min=249, max=440017k, avg=1449.33, stdev=554057.53
     lat (usec): min=255, max=440017k, avg=1455.83, stdev=554057.53
    clat percentiles (usec):
     | 50.000th=[     510], 95.000th=[    1221], 99.000th=[    2900],
     | 99.990th=[   45876], 99.999th=[  103285], 100.000th=[17112761]
   bw (  MiB/s): min=    0, max= 1976, per=100.00%, avg=1053.08, stdev=71.89, samples=896
   iops        : min=    0, max=31622, avg=16849.29, stdev=1150.20, samples=896
  lat (usec)   : 250=1.71%, 500=45.18%, 750=22.43%, 1000=16.53%
  lat (msec)   : 2=11.73%, 4=1.82%, 10=0.48%, 20=0.06%, 50=0.03%
  lat (msec)   : 100=0.01%, 250=0.01%, >=2000=0.01%
  cpu          : usr=0.72%, sys=3.10%, ctx=11222894, majf=0, minf=142
  IO depths    : 1=4.7%, 2=9.4%, 4=17.8%, 8=12.1%, 16=55.9%, 32=0.0%, >=64=0.0%
     submit    : 0=0.0%, 4=100.0%, 8=0.0%, 16=0.0%, 32=0.0%, 64=0.0%, >=64=0.0%
     complete  : 0=0.0%, 4=100.0%, 8=0.0%, 16=0.0%, 32=0.0%, 64=0.0%, >=64=0.0%
     issued rwts: total=8896696,3811823,0,0 short=0,0,0,0 dropped=0,0,0,0
     latency   : target=0, window=0, percentile=100.00%, depth=16

Run status group 0 (all jobs):
   READ: bw=811MiB/s (850MB/s), 811MiB/s-811MiB/s (850MB/s-850MB/s), io=543GiB (583GB), run=685902-685902msec
  WRITE: bw=347MiB/s (364MB/s), 347MiB/s-347MiB/s (364MB/s-364MB/s), io=233GiB (250GB), run=685902-685902msec

test1: (groupid=0, jobs=4): err= 0: pid=1010503: Fri Sep 11 08:48:21 2026
  read: IOPS=14.1k, BW=882MiB/s (924MB/s)(616GiB/715904msec)
    slat (nsec): min=1983, max=166591, avg=5782.54, stdev=1664.95
    clat (usec): min=172, max=442471k, avg=1391.97, stdev=485801.14
     lat (usec): min=178, max=442471k, avg=1397.75, stdev=485801.14
    clat percentiles (usec):
     | 50.000th=[     586], 95.000th=[    1500], 99.000th=[    3130],
     | 99.990th=[   42730], 99.999th=[  103285], 100.000th=[17112761]
   bw (  MiB/s): min=    4, max= 4545, per=100.00%, avg=2485.20, stdev=181.55, samples=1012
   iops        : min=   74, max=72723, avg=39763.17, stdev=2904.76, samples=1012
  write: IOPS=6043, BW=378MiB/s (396MB/s)(264GiB/715904msec); 0 zone resets
    slat (usec): min=2, max=139, avg= 6.56, stdev= 1.82
    clat (usec): min=249, max=440017k, avg=1469.37, stdev=520048.02
     lat (usec): min=255, max=440017k, avg=1475.93, stdev=520048.02
    clat percentiles (usec):
     | 50.000th=[     529], 95.000th=[    1287], 99.000th=[    3818],
     | 99.990th=[  114820], 99.999th=[  295699], 100.000th=[17112761]
   bw (  MiB/s): min=    0, max= 1976, per=100.00%, avg=1060.63, stdev=79.66, samples=1016
   iops        : min=    0, max=31622, avg=16970.04, stdev=1274.58, samples=1016
  lat (usec)   : 250=1.51%, 500=41.65%, 750=23.64%, 1000=17.71%
  lat (msec)   : 2=12.96%, 4=1.84%, 10=0.53%, 20=0.09%, 50=0.06%
  lat (msec)   : 100=0.02%, 250=0.01%, 500=0.01%, 750=0.01%, 1000=0.01%
  lat (msec)   : 2000=0.01%, >=2000=0.01%
  cpu          : usr=0.73%, sys=3.40%, ctx=12634146, majf=0, minf=142
  IO depths    : 1=4.1%, 2=8.3%, 4=15.7%, 8=10.7%, 16=61.2%, 32=0.0%, >=64=0.0%
     submit    : 0=0.0%, 4=100.0%, 8=0.0%, 16=0.0%, 32=0.0%, 64=0.0%, >=64=0.0%
     complete  : 0=0.0%, 4=100.0%, 8=0.0%, 16=0.0%, 32=0.0%, 64=0.0%, >=64=0.0%
     issued rwts: total=10098103,4326833,0,0 short=0,0,0,0 dropped=0,0,0,0
     latency   : target=0, window=0, percentile=100.00%, depth=16

Run status group 0 (all jobs):
   READ: bw=882MiB/s (924MB/s), 882MiB/s-882MiB/s (924MB/s-924MB/s), io=616GiB (662GB), run=715904-715904msec
  WRITE: bw=378MiB/s (396MB/s), 378MiB/s-378MiB/s (396MB/s-396MB/s), io=264GiB (284GB), run=715904-715904msec

test1: (groupid=0, jobs=4): err= 0: pid=1010503: Fri Sep 11 08:48:51 2026
  read: IOPS=15.6k, BW=974MiB/s (1021MB/s)(709GiB/745904msec)
    slat (nsec): min=1983, max=166591, avg=5839.69, stdev=1659.21
    clat (usec): min=172, max=442471k, avg=1313.48, stdev=452897.15
     lat (usec): min=178, max=442471k, avg=1319.32, stdev=452897.15
    clat percentiles (usec):
     | 50.000th=[     603], 95.000th=[    1483], 99.000th=[    3130],
     | 99.990th=[   44827], 99.999th=[  103285], 100.000th=[17112761]
   bw (  MiB/s): min=    4, max= 4638, per=100.00%, avg=2548.98, stdev=203.21, samples=1132
   iops        : min=   74, max=74215, avg=40783.61, stdev=3251.38, samples=1132
  write: IOPS=6673, BW=417MiB/s (437MB/s)(304GiB/745904msec); 0 zone resets
    slat (usec): min=2, max=139, avg= 6.63, stdev= 1.82
    clat (usec): min=249, max=440017k, avg=1418.01, stdev=484850.92
     lat (usec): min=255, max=440017k, avg=1424.64, stdev=484850.92
    clat percentiles (usec):
     | 50.000th=[     553], 95.000th=[    1287], 99.000th=[    4228],
     | 99.990th=[  122160], 99.999th=[  278922], 100.000th=[17112761]
   bw (  MiB/s): min=    0, max= 2013, per=100.00%, avg=1088.17, stdev=88.57, samples=1136
   iops        : min=    0, max=32211, avg=17410.62, stdev=1417.08, samples=1136
  lat (usec)   : 250=1.31%, 500=39.00%, 750=26.04%, 1000=18.06%
  lat (msec)   : 2=13.06%, 4=1.79%, 10=0.55%, 20=0.10%, 50=0.06%
  lat (msec)   : 100=0.02%, 250=0.01%, 500=0.01%, 750=0.01%, 1000=0.01%
  lat (msec)   : 2000=0.01%, >=2000=0.01%
  cpu          : usr=0.74%, sys=3.79%, ctx=14351540, majf=0, minf=142
  IO depths    : 1=3.6%, 2=7.2%, 4=13.7%, 8=9.3%, 16=66.3%, 32=0.0%, >=64=0.0%
     submit    : 0=0.0%, 4=100.0%, 8=0.0%, 16=0.0%, 32=0.0%, 64=0.0%, >=64=0.0%
     complete  : 0=0.0%, 4=100.0%, 8=0.0%, 16=0.0%, 32=0.0%, 64=0.0%, >=64=0.0%
     issued rwts: total=11618746,4977848,0,0 short=0,0,0,0 dropped=0,0,0,0
     latency   : target=0, window=0, percentile=100.00%, depth=16

Run status group 0 (all jobs):
   READ: bw=974MiB/s (1021MB/s), 974MiB/s-974MiB/s (1021MB/s-1021MB/s), io=709GiB (761GB), run=745904-745904msec
  WRITE: bw=417MiB/s (437MB/s), 417MiB/s-417MiB/s (437MB/s-437MB/s), io=304GiB (326GB), run=745904-745904msec

test1: (groupid=0, jobs=4): err= 0: pid=1010503: Fri Sep 11 08:49:21 2026
  read: IOPS=16.9k, BW=1059MiB/s (1110MB/s)(802GiB/775904msec)
    slat (nsec): min=1983, max=166591, avg=5888.77, stdev=1653.33
    clat (usec): min=172, max=442471k, avg=1238.23, stdev=425756.85
     lat (usec): min=178, max=442471k, avg=1244.12, stdev=425756.85
    clat percentiles (usec):
     | 50.000th=[     594], 95.000th=[    1434], 99.000th=[    2966],
     | 99.990th=[   41681], 99.999th=[   99091], 100.000th=[17112761]
   bw (  MiB/s): min=    4, max= 4788, per=100.00%, avg=2607.17, stdev=233.76, samples=1252
   iops        : min=   74, max=76614, avg=41714.74, stdev=3740.10, samples=1252
  write: IOPS=7259, BW=454MiB/s (476MB/s)(344GiB/775904msec); 0 zone resets
    slat (usec): min=2, max=144, avg= 6.69, stdev= 1.81
    clat (usec): min=249, max=440017k, avg=1410.67, stdev=455814.00
     lat (usec): min=255, max=440017k, avg=1417.36, stdev=455814.00
    clat percentiles (usec):
     | 50.000th=[     570], 95.000th=[    1270], 99.000th=[    4424],
     | 99.990th=[  152044], 99.999th=[  308282], 100.000th=[17112761]
   bw (  MiB/s): min=    0, max= 2072, per=100.00%, avg=1113.39, stdev=101.33, samples=1256
   iops        : min=    0, max=33157, avg=17814.24, stdev=1621.26, samples=1256
  lat (usec)   : 250=1.16%, 500=36.85%, 750=28.93%, 1000=18.17%
  lat (msec)   : 2=12.57%, 4=1.62%, 10=0.50%, 20=0.10%, 50=0.07%
  lat (msec)   : 100=0.03%, 250=0.01%, 500=0.01%, 750=0.01%, 1000=0.01%
  lat (msec)   : 2000=0.01%, >=2000=0.01%
  cpu          : usr=0.76%, sys=4.15%, ctx=16025022, majf=0, minf=142
  IO depths    : 1=3.2%, 2=6.4%, 4=12.1%, 8=8.2%, 16=70.2%, 32=0.0%, >=64=0.0%
     submit    : 0=0.0%, 4=100.0%, 8=0.0%, 16=0.0%, 32=0.0%, 64=0.0%, >=64=0.0%
     complete  : 0=0.0%, 4=100.0%, 8=0.0%, 16=0.0%, 32=0.0%, 64=0.0%, >=64=0.0%
     issued rwts: total=13147248,5632448,0,0 short=0,0,0,0 dropped=0,0,0,0
     latency   : target=0, window=0, percentile=100.00%, depth=16

Run status group 0 (all jobs):
   READ: bw=1059MiB/s (1110MB/s), 1059MiB/s-1059MiB/s (1110MB/s-1110MB/s), io=802GiB (862GB), run=775904-775904msec
  WRITE: bw=454MiB/s (476MB/s), 454MiB/s-454MiB/s (476MB/s-476MB/s), io=344GiB (369GB), run=775904-775904msec

test1: (groupid=0, jobs=4): err= 0: pid=1010503: Fri Sep 11 08:49:51 2026
  read: IOPS=18.3k, BW=1146MiB/s (1202MB/s)(902GiB/805903msec)
    slat (nsec): min=1983, max=166591, avg=5918.94, stdev=1642.75
    clat (usec): min=172, max=442471k, avg=1173.37, stdev=401614.51
     lat (usec): min=178, max=442471k, avg=1179.29, stdev=401614.51
    clat percentiles (usec):
     | 50.000th=[     594], 95.000th=[    1401], 99.000th=[    2835],
     | 99.990th=[   39584], 99.999th=[   98042], 100.000th=[17112761]
   bw (  MiB/s): min=    4, max= 4818, per=100.00%, avg=2672.85, stdev=255.01, samples=1372
   iops        : min=   74, max=77093, avg=42765.55, stdev=4080.22, samples=1372
  write: IOPS=7851, BW=491MiB/s (515MB/s)(386GiB/805903msec); 0 zone resets
    slat (usec): min=2, max=144, avg= 6.72, stdev= 1.80
    clat (usec): min=249, max=440017k, avg=1389.51, stdev=430050.58
     lat (usec): min=255, max=440017k, avg=1396.23, stdev=430050.58
    clat percentiles (usec):
     | 50.000th=[     594], 95.000th=[    1254], 99.000th=[    4424],
     | 99.990th=[  168821], 99.999th=[  329253], 100.000th=[17112761]
   bw (  MiB/s): min=    0, max= 2092, per=100.00%, avg=1141.34, stdev=110.19, samples=1376
   iops        : min=    0, max=33476, avg=18261.39, stdev=1763.08, samples=1376
  lat (usec)   : 250=1.03%, 500=35.04%, 750=31.55%, 1000=18.19%
  lat (msec)   : 2=12.03%, 4=1.49%, 10=0.46%, 20=0.09%, 50=0.07%
  lat (msec)   : 100=0.03%, 250=0.01%, 500=0.01%, 750=0.01%, 1000=0.01%
  lat (msec)   : 2000=0.01%, >=2000=0.01%
  cpu          : usr=0.78%, sys=4.50%, ctx=17806524, majf=0, minf=142
  IO depths    : 1=2.8%, 2=5.7%, 4=10.7%, 8=7.3%, 16=73.5%, 32=0.0%, >=64=0.0%
     submit    : 0=0.0%, 4=100.0%, 8=0.0%, 16=0.0%, 32=0.0%, 64=0.0%, >=64=0.0%
     complete  : 0=0.0%, 4=100.0%, 8=0.0%, 16=0.0%, 32=0.0%, 64=0.0%, >=64=0.0%
     issued rwts: total=14775412,6327681,0,0 short=0,0,0,0 dropped=0,0,0,0
     latency   : target=0, window=0, percentile=100.00%, depth=16

Run status group 0 (all jobs):
   READ: bw=1146MiB/s (1202MB/s), 1146MiB/s-1146MiB/s (1202MB/s-1202MB/s), io=902GiB (968GB), run=805903-805903msec
  WRITE: bw=491MiB/s (515MB/s), 491MiB/s-491MiB/s (515MB/s-515MB/s), io=386GiB (415GB), run=805903-805903msec

test1: (groupid=0, jobs=4): err= 0: pid=1010503: Fri Sep 11 08:50:21 2026
  read: IOPS=20.1k, BW=1258MiB/s (1319MB/s)(1027GiB/835904msec)
    slat (nsec): min=1983, max=166591, avg=5953.02, stdev=1625.79
    clat (usec): min=172, max=442471k, avg=1103.96, stdev=376352.26
     lat (usec): min=178, max=442471k, avg=1109.91, stdev=376352.26
    clat percentiles (usec):
     | 50.000th=[     578], 95.000th=[    1352], 99.000th=[    2737],
     | 99.990th=[   37487], 99.999th=[   93848], 100.000th=[17112761]
   bw (  MiB/s): min=    4, max= 4889, per=100.00%, avg=2801.52, stdev=272.90, samples=1492
   iops        : min=   74, max=78238, avg=44824.34, stdev=4366.43, samples=1492
  write: IOPS=8620, BW=539MiB/s (565MB/s)(440GiB/835904msec); 0 zone resets
    slat (usec): min=2, max=144, avg= 6.77, stdev= 1.78
    clat (usec): min=249, max=440017k, avg=1312.12, stdev=402990.24
     lat (usec): min=255, max=440017k, avg=1318.88, stdev=402990.24
    clat percentiles (usec):
     | 50.000th=[     603], 95.000th=[    1221], 99.000th=[    4015],
     | 99.990th=[  160433], 99.999th=[  308282], 100.000th=[17112761]
   bw (  MiB/s): min=    0, max= 2120, per=100.00%, avg=1196.61, stdev=117.81, samples=1496
   iops        : min=    0, max=33931, avg=19145.77, stdev=1885.00, samples=1496
  lat (usec)   : 250=0.91%, 500=34.23%, 750=34.59%, 1000=17.22%
  lat (msec)   : 2=11.05%, 4=1.38%, 10=0.42%, 20=0.09%, 50=0.07%
  lat (msec)   : 100=0.03%, 250=0.01%, 500=0.01%, 750=0.01%, 1000=0.01%
  lat (msec)   : 2000=0.01%, >=2000=0.01%
  cpu          : usr=0.81%, sys=4.97%, ctx=19985368, majf=0, minf=142
  IO depths    : 1=2.5%, 2=5.0%, 4=9.4%, 8=6.4%, 16=76.7%, 32=0.0%, >=64=0.0%
     submit    : 0=0.0%, 4=100.0%, 8=0.0%, 16=0.0%, 32=0.0%, 64=0.0%, >=64=0.0%
     complete  : 0=0.0%, 4=100.0%, 8=0.0%, 16=0.0%, 32=0.0%, 64=0.0%, >=64=0.0%
     issued rwts: total=16825546,7206033,0,0 short=0,0,0,0 dropped=0,0,0,0
     latency   : target=0, window=0, percentile=100.00%, depth=16

Run status group 0 (all jobs):
   READ: bw=1258MiB/s (1319MB/s), 1258MiB/s-1258MiB/s (1319MB/s-1319MB/s), io=1027GiB (1103GB), run=835904-835904msec
  WRITE: bw=539MiB/s (565MB/s), 539MiB/s-539MiB/s (565MB/s-565MB/s), io=440GiB (472GB), run=835904-835904msec

test1: (groupid=0, jobs=4): err= 0: pid=1010503: Fri Sep 11 08:50:51 2026
  read: IOPS=21.3k, BW=1332MiB/s (1396MB/s)(1126GiB/865903msec)
    slat (nsec): min=1983, max=166591, avg=5971.98, stdev=1613.86
    clat (usec): min=172, max=442471k, avg=1064.78, stdev=359393.70
     lat (usec): min=178, max=442471k, avg=1070.75, stdev=359393.70
    clat percentiles (usec):
     | 50.000th=[     578], 95.000th=[    1319], 99.000th=[    2638],
     | 99.990th=[   35914], 99.999th=[   91751], 100.000th=[17112761]
   bw (  MiB/s): min=    4, max= 4889, per=100.00%, avg=2846.57, stdev=281.68, samples=1612
   iops        : min=   74, max=78238, avg=45545.01, stdev=4506.95, samples=1612
  write: IOPS=9127, BW=570MiB/s (598MB/s)(482GiB/865903msec); 0 zone resets
    slat (usec): min=2, max=144, avg= 6.79, stdev= 1.76
    clat (usec): min=249, max=440017k, avg=1301.71, stdev=384800.83
     lat (usec): min=255, max=440017k, avg=1308.50, stdev=384800.83
    clat percentiles (usec):
     | 50.000th=[     611], 95.000th=[    1221], 99.000th=[    4113],
     | 99.990th=[  170918], 99.999th=[  337642], 100.000th=[17112761]
   bw (  MiB/s): min=    0, max= 2121, per=100.00%, avg=1216.30, stdev=121.53, samples=1616
   iops        : min=    0, max=33945, avg=19460.78, stdev=1944.47, samples=1616
  lat (usec)   : 250=0.83%, 500=32.85%, 750=36.10%, 1000=17.50%
  lat (msec)   : 2=10.82%, 4=1.30%, 10=0.40%, 20=0.09%, 50=0.07%
  lat (msec)   : 100=0.03%, 250=0.01%, 500=0.01%, 750=0.01%, 1000=0.01%
  lat (msec)   : 2000=0.01%, >=2000=0.01%
  cpu          : usr=0.82%, sys=5.27%, ctx=21772863, majf=0, minf=142
  IO depths    : 1=2.3%, 2=4.5%, 4=8.6%, 8=5.9%, 16=78.7%, 32=0.0%, >=64=0.0%
     submit    : 0=0.0%, 4=100.0%, 8=0.0%, 16=0.0%, 32=0.0%, 64=0.0%, >=64=0.0%
     complete  : 0=0.0%, 4=100.0%, 8=0.0%, 16=0.0%, 32=0.0%, 64=0.0%, >=64=0.0%
     issued rwts: total=18450893,7903571,0,0 short=0,0,0,0 dropped=0,0,0,0
     latency   : target=0, window=0, percentile=100.00%, depth=16

Run status group 0 (all jobs):
   READ: bw=1332MiB/s (1396MB/s), 1332MiB/s-1332MiB/s (1396MB/s-1396MB/s), io=1126GiB (1209GB), run=865903-865903msec
  WRITE: bw=570MiB/s (598MB/s), 570MiB/s-570MiB/s (598MB/s-598MB/s), io=482GiB (518GB), run=865903-865903msec

test1: (groupid=0, jobs=4): err= 0: pid=1010503: Fri Sep 11 08:51:21 2026
  read: IOPS=22.7k, BW=1418MiB/s (1487MB/s)(1241GiB/895904msec)
    slat (nsec): min=1983, max=166591, avg=5992.31, stdev=1603.62
    clat (usec): min=172, max=442471k, avg=1022.81, stdev=342389.09
     lat (usec): min=178, max=442471k, avg=1028.80, stdev=342389.09
    clat percentiles (usec):
     | 50.000th=[     570], 95.000th=[    1303], 99.000th=[    2540],
     | 99.990th=[   34341], 99.999th=[   87557], 100.000th=[17112761]
   bw (  MiB/s): min=    4, max= 4909, per=100.00%, avg=2920.62, stdev=291.00, samples=1732
   iops        : min=   74, max=78555, avg=46729.97, stdev=4655.98, samples=1732
  write: IOPS=9719, BW=607MiB/s (637MB/s)(531GiB/895904msec); 0 zone resets
    slat (usec): min=2, max=144, avg= 6.81, stdev= 1.75
    clat (usec): min=249, max=440017k, avg=1268.31, stdev=366612.77
     lat (usec): min=255, max=440017k, avg=1275.12, stdev=366612.77
    clat percentiles (usec):
     | 50.000th=[     619], 95.000th=[    1221], 99.000th=[    3982],
     | 99.990th=[  170918], 99.999th=[  337642], 100.000th=[17112761]
   bw (  MiB/s): min=    0, max= 2132, per=100.00%, avg=1248.13, stdev=125.48, samples=1736
   iops        : min=    0, max=34112, avg=19970.07, stdev=2007.74, samples=1736
  lat (usec)   : 250=0.75%, 500=32.15%, 750=37.90%, 1000=17.10%
  lat (msec)   : 2=10.30%, 4=1.23%, 10=0.37%, 20=0.08%, 50=0.07%
  lat (msec)   : 100=0.03%, 250=0.01%, 500=0.01%, 750=0.01%, 1000=0.01%
  lat (msec)   : 2000=0.01%, >=2000=0.01%
  cpu          : usr=0.84%, sys=5.63%, ctx=23789393, majf=0, minf=142
  IO depths    : 1=2.1%, 2=4.1%, 4=7.8%, 8=5.3%, 16=80.7%, 32=0.0%, >=64=0.0%
     submit    : 0=0.0%, 4=100.0%, 8=0.0%, 16=0.0%, 32=0.0%, 64=0.0%, >=64=0.0%
     complete  : 0=0.0%, 4=100.0%, 8=0.0%, 16=0.0%, 32=0.0%, 64=0.0%, >=64=0.0%
     issued rwts: total=20329122,8707344,0,0 short=0,0,0,0 dropped=0,0,0,0
     latency   : target=0, window=0, percentile=100.00%, depth=16

Run status group 0 (all jobs):
   READ: bw=1418MiB/s (1487MB/s), 1418MiB/s-1418MiB/s (1487MB/s-1487MB/s), io=1241GiB (1332GB), run=895904-895904msec
  WRITE: bw=607MiB/s (637MB/s), 607MiB/s-607MiB/s (637MB/s-637MB/s), io=531GiB (571GB), run=895904-895904msec

test1: (groupid=0, jobs=4): err= 0: pid=1010503: Fri Sep 11 08:51:51 2026
  read: IOPS=23.9k, BW=1496MiB/s (1568MB/s)(1352GiB/925904msec)
    slat (nsec): min=1983, max=166591, avg=6012.55, stdev=1596.97
    clat (usec): min=172, max=442471k, avg=989.25, stdev=327951.49
     lat (usec): min=178, max=442471k, avg=995.27, stdev=327951.49
    clat percentiles (usec):
     | 50.000th=[     570], 95.000th=[    1287], 99.000th=[    2507],
     | 99.990th=[   32900], 99.999th=[   85459], 100.000th=[17112761]
   bw (  MiB/s): min=    4, max= 4919, per=100.00%, avg=2983.37, stdev=297.73, samples=1852
   iops        : min=   74, max=78717, avg=47733.89, stdev=4763.68, samples=1852
  write: IOPS=10.2k, BW=641MiB/s (672MB/s)(579GiB/925904msec); 0 zone resets
    slat (usec): min=2, max=144, avg= 6.84, stdev= 1.74
    clat (usec): min=249, max=440017k, avg=1245.37, stdev=351174.94
     lat (usec): min=255, max=440017k, avg=1252.21, stdev=351174.94
    clat percentiles (usec):
     | 50.000th=[     627], 95.000th=[    1221], 99.000th=[    3916],
     | 99.990th=[  173016], 99.999th=[  408945], 100.000th=[17112761]
   bw (  MiB/s): min=    0, max= 2133, per=100.00%, avg=1274.98, stdev=128.28, samples=1856
   iops        : min=    0, max=34128, avg=20399.62, stdev=2052.44, samples=1856
  lat (usec)   : 250=0.69%, 500=31.58%, 750=39.37%, 1000=16.76%
  lat (msec)   : 2=9.88%, 4=1.18%, 10=0.36%, 20=0.08%, 50=0.07%
  lat (msec)   : 100=0.03%, 250=0.01%, 500=0.01%, 750=0.01%, 1000=0.01%
  lat (msec)   : 2000=0.01%, >=2000=0.01%
  cpu          : usr=0.86%, sys=5.95%, ctx=25751266, majf=0, minf=142
  IO depths    : 1=1.9%, 2=3.8%, 4=7.2%, 8=4.9%, 16=82.3%, 32=0.0%, >=64=0.0%
     submit    : 0=0.0%, 4=100.0%, 8=0.0%, 16=0.0%, 32=0.0%, 64=0.0%, >=64=0.0%
     complete  : 0=0.0%, 4=100.0%, 8=0.0%, 16=0.0%, 32=0.0%, 64=0.0%, >=64=0.0%
     issued rwts: total=22158444,9489955,0,0 short=0,0,0,0 dropped=0,0,0,0
     latency   : target=0, window=0, percentile=100.00%, depth=16

Run status group 0 (all jobs):
   READ: bw=1496MiB/s (1568MB/s), 1496MiB/s-1496MiB/s (1568MB/s-1568MB/s), io=1352GiB (1452GB), run=925904-925904msec
  WRITE: bw=641MiB/s (672MB/s), 641MiB/s-641MiB/s (672MB/s-672MB/s), io=579GiB (622GB), run=925904-925904msec

test1: (groupid=0, jobs=4): err= 0: pid=1010503: Fri Sep 11 08:52:21 2026
  read: IOPS=24.9k, BW=1556MiB/s (1631MB/s)(1452GiB/955903msec)
    slat (nsec): min=1983, max=166591, avg=6027.56, stdev=1591.40
    clat (usec): min=172, max=442471k, avg=966.36, stdev=316493.21
     lat (usec): min=178, max=442471k, avg=972.38, stdev=316493.21
    clat percentiles (usec):
     | 50.000th=[     570], 95.000th=[    1270], 99.000th=[    2442],
     | 99.990th=[   31589], 99.999th=[   82314], 100.000th=[17112761]
   bw (  MiB/s): min=    4, max= 4919, per=100.00%, avg=3002.98, stdev=301.66, samples=1972
   iops        : min=   74, max=78717, avg=48047.73, stdev=4826.59, samples=1972
  write: IOPS=10.7k, BW=666MiB/s (699MB/s)(622GiB/955903msec); 0 zone resets
    slat (usec): min=2, max=144, avg= 6.85, stdev= 1.74
    clat (usec): min=249, max=440017k, avg=1241.63, stdev=338907.85
     lat (usec): min=255, max=440017k, avg=1248.48, stdev=338907.85
    clat percentiles (usec):
     | 50.000th=[     627], 95.000th=[    1221], 99.000th=[    3949],
     | 99.990th=[  179307], 99.999th=[  408945], 100.000th=[17112761]
   bw (  MiB/s): min=    0, max= 2133, per=100.00%, avg=1283.51, stdev=129.90, samples=1976
   iops        : min=    0, max=34128, avg=20536.10, stdev=2078.38, samples=1976
  lat (usec)   : 250=0.64%, 500=30.67%, 750=40.31%, 1000=16.94%
  lat (msec)   : 2=9.75%, 4=1.14%, 10=0.34%, 20=0.08%, 50=0.07%
  lat (msec)   : 100=0.03%, 250=0.01%, 500=0.01%, 750=0.01%, 1000=0.01%
  lat (msec)   : 2000=0.01%, >=2000=0.01%
  cpu          : usr=0.88%, sys=6.20%, ctx=27535170, majf=0, minf=142
  IO depths    : 1=1.8%, 2=3.5%, 4=6.7%, 8=4.5%, 16=83.5%, 32=0.0%, >=64=0.0%
     submit    : 0=0.0%, 4=100.0%, 8=0.0%, 16=0.0%, 32=0.0%, 64=0.0%, >=64=0.0%
     complete  : 0=0.0%, 4=100.0%, 8=0.0%, 16=0.0%, 32=0.0%, 64=0.0%, >=64=0.0%
     issued rwts: total=23791931,10189618,0,0 short=0,0,0,0 dropped=0,0,0,0
     latency   : target=0, window=0, percentile=100.00%, depth=16

Run status group 0 (all jobs):
   READ: bw=1556MiB/s (1631MB/s), 1556MiB/s-1556MiB/s (1631MB/s-1631MB/s), io=1452GiB (1559GB), run=955903-955903msec
  WRITE: bw=666MiB/s (699MB/s), 666MiB/s-666MiB/s (699MB/s-699MB/s), io=622GiB (668GB), run=955903-955903msec

test1: (groupid=0, jobs=4): err= 0: pid=1010503: Fri Sep 11 08:52:51 2026
  read: IOPS=26.0k, BW=1623MiB/s (1702MB/s)(1563GiB/985904msec)
    slat (nsec): min=1983, max=166591, avg=6047.10, stdev=1586.18
    clat (usec): min=172, max=442471k, avg=943.11, stdev=305102.53
     lat (usec): min=178, max=442471k, avg=949.15, stdev=305102.53
    clat percentiles (usec):
     | 50.000th=[     570], 95.000th=[    1254], 99.000th=[    2409],
     | 99.990th=[   30540], 99.999th=[   81265], 100.000th=[17112761]
   bw (  MiB/s): min=    4, max= 4920, per=100.00%, avg=3048.07, stdev=304.87, samples=2092
   iops        : min=   74, max=78723, avg=48769.03, stdev=4877.95, samples=2092
  write: IOPS=11.1k, BW=695MiB/s (729MB/s)(669GiB/985904msec); 0 zone resets
    slat (usec): min=2, max=144, avg= 6.88, stdev= 1.73
    clat (usec): min=249, max=440017k, avg=1222.19, stdev=326715.51
     lat (usec): min=255, max=440017k, avg=1229.06, stdev=326715.51
    clat percentiles (usec):
     | 50.000th=[     635], 95.000th=[    1221], 99.000th=[    3949],
     | 99.990th=[  177210], 99.999th=[  408945], 100.000th=[17112761]
   bw (  MiB/s): min=    0, max= 2135, per=100.00%, avg=1302.95, stdev=131.29, samples=2096
   iops        : min=    0, max=34162, avg=20847.24, stdev=2100.60, samples=2096
  lat (usec)   : 250=0.60%, 500=30.16%, 750=41.26%, 1000=16.82%
  lat (msec)   : 2=9.52%, 4=1.10%, 10=0.33%, 20=0.08%, 50=0.07%
  lat (msec)   : 100=0.03%, 250=0.01%, 500=0.01%, 750=0.01%, 1000=0.01%
  lat (msec)   : 2000=0.01%, >=2000=0.01%
  cpu          : usr=0.89%, sys=6.49%, ctx=29481293, majf=0, minf=142
  IO depths    : 1=1.6%, 2=3.3%, 4=6.2%, 8=4.2%, 16=84.7%, 32=0.0%, >=64=0.0%
     submit    : 0=0.0%, 4=100.0%, 8=0.0%, 16=0.0%, 32=0.0%, 64=0.0%, >=64=0.0%
     complete  : 0=0.0%, 4=100.0%, 8=0.0%, 16=0.0%, 32=0.0%, 64=0.0%, >=64=0.0%
     issued rwts: total=25601588,10964423,0,0 short=0,0,0,0 dropped=0,0,0,0
     latency   : target=0, window=0, percentile=100.00%, depth=16

Run status group 0 (all jobs):
   READ: bw=1623MiB/s (1702MB/s), 1623MiB/s-1623MiB/s (1702MB/s-1702MB/s), io=1563GiB (1678GB), run=985904-985904msec
  WRITE: bw=695MiB/s (729MB/s), 695MiB/s-695MiB/s (729MB/s-729MB/s), io=669GiB (719GB), run=985904-985904msec

test1: (groupid=0, jobs=4): err= 0: pid=1010503: Fri Sep 11 08:53:21 2026
  read: IOPS=26.9k, BW=1684MiB/s (1766MB/s)(1671GiB/1015904msec)
    slat (nsec): min=1983, max=166591, avg=6064.42, stdev=1583.20
    clat (usec): min=172, max=442471k, avg=922.96, stdev=295033.70
     lat (usec): min=178, max=442471k, avg=929.02, stdev=295033.70
    clat percentiles (usec):
     | 50.000th=[     570], 95.000th=[    1237], 99.000th=[    2343],
     | 99.990th=[   30016], 99.999th=[   79168], 100.000th=[17112761]
   bw (  MiB/s): min=    4, max= 4920, per=100.00%, avg=3087.58, stdev=306.42, samples=2212
   iops        : min=   74, max=78723, avg=49401.21, stdev=4902.66, samples=2212
  write: IOPS=11.5k, BW=721MiB/s (756MB/s)(716GiB/1015904msec); 0 zone resets
    slat (usec): min=2, max=144, avg= 6.90, stdev= 1.72
    clat (usec): min=249, max=440017k, avg=1209.10, stdev=315918.92
     lat (usec): min=255, max=440017k, avg=1216.00, stdev=315918.92
    clat percentiles (usec):
     | 50.000th=[     635], 95.000th=[    1221], 99.000th=[    3949],
     | 99.990th=[  177210], 99.999th=[  404751], 100.000th=[17112761]
   bw (  MiB/s): min=    0, max= 2136, per=100.00%, avg=1320.06, stdev=131.95, samples=2216
   iops        : min=    0, max=34181, avg=21120.91, stdev=2111.29, samples=2216
  lat (usec)   : 250=0.56%, 500=29.61%, 750=42.20%, 1000=16.78%
  lat (msec)   : 2=9.25%, 4=1.07%, 10=0.33%, 20=0.08%, 50=0.07%
  lat (msec)   : 100=0.03%, 250=0.01%, 500=0.01%, 750=0.01%, 1000=0.01%
  lat (msec)   : 2000=0.01%, >=2000=0.01%
  cpu          : usr=0.91%, sys=6.75%, ctx=31400562, majf=0, minf=142
  IO depths    : 1=1.5%, 2=3.1%, 4=5.8%, 8=3.9%, 16=85.7%, 32=0.0%, >=64=0.0%
     submit    : 0=0.0%, 4=100.0%, 8=0.0%, 16=0.0%, 32=0.0%, 64=0.0%, >=64=0.0%
     complete  : 0=0.0%, 4=100.0%, 8=0.0%, 16=0.0%, 32=0.0%, 64=0.0%, >=64=0.0%
     issued rwts: total=27378854,11726782,0,0 short=0,0,0,0 dropped=0,0,0,0
     latency   : target=0, window=0, percentile=100.00%, depth=16

Run status group 0 (all jobs):
   READ: bw=1684MiB/s (1766MB/s), 1684MiB/s-1684MiB/s (1766MB/s-1766MB/s), io=1671GiB (1794GB), run=1015904-1015904msec
  WRITE: bw=721MiB/s (756MB/s), 721MiB/s-721MiB/s (756MB/s-756MB/s), io=716GiB (769GB), run=1015904-1015904msec

test1: (groupid=0, jobs=4): err= 0: pid=1010503: Fri Sep 11 08:53:51 2026
  read: IOPS=28.0k, BW=1749MiB/s (1834MB/s)(1786GiB/1045904msec)
    slat (nsec): min=1983, max=166591, avg=6074.53, stdev=1574.19
    clat (usec): min=172, max=442471k, avg=903.11, stdev=285357.76
     lat (usec): min=178, max=442471k, avg=909.18, stdev=285357.76
    clat percentiles (usec):
     | 50.000th=[     562], 95.000th=[    1221], 99.000th=[    2311],
     | 99.990th=[   29230], 99.999th=[   76022], 100.000th=[17112761]
   bw (  MiB/s): min=    4, max= 4920, per=100.00%, avg=3131.18, stdev=308.21, samples=2332
   iops        : min=   74, max=78723, avg=50098.82, stdev=4931.40, samples=2332
  write: IOPS=12.0k, BW=749MiB/s (786MB/s)(765GiB/1045904msec); 0 zone resets
    slat (usec): min=2, max=150, avg= 6.91, stdev= 1.72
    clat (usec): min=249, max=440017k, avg=1190.05, stdev=305548.77
     lat (usec): min=255, max=440017k, avg=1196.96, stdev=305548.77
    clat percentiles (usec):
     | 50.000th=[     635], 95.000th=[    1205], 99.000th=[    3851],
     | 99.990th=[  175113], 99.999th=[  392168], 100.000th=[17112761]
   bw (  MiB/s): min=    0, max= 2140, per=100.00%, avg=1338.91, stdev=132.73, samples=2336
   iops        : min=    0, max=34240, avg=21422.57, stdev=2123.72, samples=2336
  lat (usec)   : 250=0.52%, 500=29.37%, 750=43.06%, 1000=16.53%
  lat (msec)   : 2=8.96%, 4=1.05%, 10=0.32%, 20=0.08%, 50=0.07%
  lat (msec)   : 100=0.03%, 250=0.01%, 500=0.01%, 750=0.01%, 1000=0.01%
  lat (msec)   : 2000=0.01%, >=2000=0.01%
  cpu          : usr=0.91%, sys=6.90%, ctx=32917180, majf=0, minf=142
  IO depths    : 1=1.4%, 2=2.9%, 4=5.4%, 8=3.7%, 16=86.6%, 32=0.0%, >=64=0.0%
     submit    : 0=0.0%, 4=100.0%, 8=0.0%, 16=0.0%, 32=0.0%, 64=0.0%, >=64=0.0%
     complete  : 0=0.0%, 4=100.0%, 8=0.0%, 16=0.0%, 32=0.0%, 64=0.0%, >=64=0.0%
     issued rwts: total=29267066,12536419,0,0 short=0,0,0,0 dropped=0,0,0,0
     latency   : target=0, window=0, percentile=100.00%, depth=16

Run status group 0 (all jobs):
   READ: bw=1749MiB/s (1834MB/s), 1749MiB/s-1749MiB/s (1834MB/s-1834MB/s), io=1786GiB (1918GB), run=1045904-1045904msec
  WRITE: bw=749MiB/s (786MB/s), 749MiB/s-749MiB/s (786MB/s-786MB/s), io=765GiB (822GB), run=1045904-1045904msec

test1: (groupid=0, jobs=4): err= 0: pid=1010503: Fri Sep 11 08:54:21 2026
  read: IOPS=29.0k, BW=1813MiB/s (1901MB/s)(1905GiB/1075904msec)
    slat (nsec): min=1983, max=166591, avg=6087.79, stdev=1567.71
    clat (usec): min=172, max=442471k, avg=885.94, stdev=276360.03
     lat (usec): min=178, max=442471k, avg=892.03, stdev=276360.03
    clat percentiles (usec):
     | 50.000th=[     562], 95.000th=[    1221], 99.000th=[    2311],
     | 99.990th=[   28705], 99.999th=[   73925], 100.000th=[17112761]
   bw (  MiB/s): min=    4, max= 4930, per=100.00%, avg=3172.17, stdev=309.29, samples=2452
   iops        : min=   74, max=78892, avg=50754.66, stdev=4948.61, samples=2452
  write: IOPS=12.4k, BW=776MiB/s (814MB/s)(816GiB/1075904msec); 0 zone resets
    slat (usec): min=2, max=150, avg= 6.93, stdev= 1.71
    clat (usec): min=249, max=440017k, avg=1167.70, stdev=295922.60
     lat (usec): min=255, max=440017k, avg=1174.63, stdev=295922.60
    clat percentiles (usec):
     | 50.000th=[     644], 95.000th=[    1205], 99.000th=[    3752],
     | 99.990th=[  173016], 99.999th=[  379585], 100.000th=[17112761]
   bw (  MiB/s): min=    0, max= 2140, per=100.00%, avg=1356.53, stdev=133.17, samples=2456
   iops        : min=    0, max=34240, avg=21704.47, stdev=2130.76, samples=2456
  lat (usec)   : 250=0.49%, 500=29.16%, 750=43.88%, 1000=16.19%
  lat (msec)   : 2=8.72%, 4=1.05%, 10=0.31%, 20=0.08%, 50=0.07%
  lat (msec)   : 100=0.03%, 250=0.01%, 500=0.01%, 750=0.01%, 1000=0.01%
  lat (msec)   : 2000=0.01%, >=2000=0.01%
  cpu          : usr=0.94%, sys=7.29%, ctx=35483364, majf=0, minf=142
  IO depths    : 1=1.3%, 2=2.7%, 4=5.1%, 8=3.5%, 16=87.4%, 32=0.0%, >=64=0.0%
     submit    : 0=0.0%, 4=100.0%, 8=0.0%, 16=0.0%, 32=0.0%, 64=0.0%, >=64=0.0%
     complete  : 0=0.0%, 4=100.0%, 8=0.0%, 16=0.0%, 32=0.0%, 64=0.0%, >=64=0.0%
     issued rwts: total=31203849,13365338,0,0 short=0,0,0,0 dropped=0,0,0,0
     latency   : target=0, window=0, percentile=100.00%, depth=16

Run status group 0 (all jobs):
   READ: bw=1813MiB/s (1901MB/s), 1813MiB/s-1813MiB/s (1901MB/s-1901MB/s), io=1905GiB (2045GB), run=1075904-1075904msec
  WRITE: bw=776MiB/s (814MB/s), 776MiB/s-776MiB/s (814MB/s-814MB/s), io=816GiB (876GB), run=1075904-1075904msec

test1: (groupid=0, jobs=4): err= 0: pid=1010503: Fri Sep 11 08:54:51 2026
  read: IOPS=29.9k, BW=1868MiB/s (1959MB/s)(2017GiB/1105904msec)
    slat (nsec): min=1983, max=166591, avg=6095.39, stdev=1564.53
    clat (usec): min=172, max=442471k, avg=870.94, stdev=268519.05
     lat (usec): min=178, max=442471k, avg=877.04, stdev=268519.05
    clat percentiles (usec):
     | 50.000th=[     562], 95.000th=[    1205], 99.000th=[    2278],
     | 99.990th=[   28181], 99.999th=[   71828], 100.000th=[17112761]
   bw (  MiB/s): min=    4, max= 4930, per=100.00%, avg=3202.85, stdev=310.49, samples=2572
   iops        : min=   74, max=78892, avg=51245.54, stdev=4967.91, samples=2572
  write: IOPS=12.8k, BW=800MiB/s (839MB/s)(864GiB/1105904msec); 0 zone resets
    slat (usec): min=2, max=150, avg= 6.93, stdev= 1.70
    clat (usec): min=249, max=440017k, avg=1156.02, stdev=287522.84
     lat (usec): min=255, max=440017k, avg=1162.95, stdev=287522.84
    clat percentiles (usec):
     | 50.000th=[     644], 95.000th=[    1205], 99.000th=[    3720],
     | 99.990th=[  175113], 99.999th=[  375391], 100.000th=[17112761]
   bw (  MiB/s): min=    0, max= 2148, per=100.00%, avg=1369.77, stdev=133.68, samples=2576
   iops        : min=    0, max=34371, avg=21916.22, stdev=2138.87, samples=2576
  lat (usec)   : 250=0.46%, 500=28.84%, 750=44.58%, 1000=16.09%
  lat (msec)   : 2=8.51%, 4=1.02%, 10=0.31%, 20=0.08%, 50=0.07%
  lat (msec)   : 100=0.03%, 250=0.01%, 500=0.01%, 750=0.01%, 1000=0.01%
  lat (msec)   : 2000=0.01%, >=2000=0.01%
  cpu          : usr=0.96%, sys=7.52%, ctx=37469321, majf=0, minf=142
  IO depths    : 1=1.3%, 2=2.5%, 4=4.8%, 8=3.3%, 16=88.1%, 32=0.0%, >=64=0.0%
     submit    : 0=0.0%, 4=100.0%, 8=0.0%, 16=0.0%, 32=0.0%, 64=0.0%, >=64=0.0%
     complete  : 0=0.0%, 4=100.0%, 8=0.0%, 16=0.0%, 32=0.0%, 64=0.0%, >=64=0.0%
     issued rwts: total=33052815,14157878,0,0 short=0,0,0,0 dropped=0,0,0,0
     latency   : target=0, window=0, percentile=100.00%, depth=16

Run status group 0 (all jobs):
   READ: bw=1868MiB/s (1959MB/s), 1868MiB/s-1868MiB/s (1959MB/s-1959MB/s), io=2017GiB (2166GB), run=1105904-1105904msec
  WRITE: bw=800MiB/s (839MB/s), 800MiB/s-800MiB/s (839MB/s-839MB/s), io=864GiB (928GB), run=1105904-1105904msec

test1: (groupid=0, jobs=4): err= 0: pid=1010503: Fri Sep 11 08:55:21 2026
  read: IOPS=30.7k, BW=1920MiB/s (2013MB/s)(2130GiB/1135904msec)
    slat (nsec): min=1983, max=166591, avg=6105.32, stdev=1561.75
    clat (usec): min=172, max=442471k, avg=857.86, stdev=261325.89
     lat (usec): min=178, max=442471k, avg=863.97, stdev=261325.89
    clat percentiles (usec):
     | 50.000th=[     562], 95.000th=[    1188], 99.000th=[    2278],
     | 99.990th=[   27657], 99.999th=[   70779], 100.000th=[17112761]
   bw (  MiB/s): min=    4, max= 4930, per=100.00%, avg=3231.33, stdev=311.19, samples=2692
   iops        : min=   74, max=78892, avg=51701.22, stdev=4978.99, samples=2692
  write: IOPS=13.2k, BW=822MiB/s (862MB/s)(912GiB/1135904msec); 0 zone resets
    slat (usec): min=2, max=150, avg= 6.95, stdev= 1.70
    clat (usec): min=249, max=440017k, avg=1145.18, stdev=279817.92
     lat (usec): min=255, max=440017k, avg=1152.12, stdev=279817.92
    clat percentiles (usec):
     | 50.000th=[     644], 95.000th=[    1205], 99.000th=[    3654],
     | 99.990th=[  173016], 99.999th=[  362808], 100.000th=[17112761]
   bw (  MiB/s): min=    0, max= 2148, per=100.00%, avg=1382.07, stdev=133.96, samples=2696
   iops        : min=    0, max=34371, avg=22113.14, stdev=2143.36, samples=2696
  lat (usec)   : 250=0.44%, 500=28.64%, 750=45.14%, 1000=15.92%
  lat (msec)   : 2=8.37%, 4=1.01%, 10=0.30%, 20=0.08%, 50=0.07%
  lat (msec)   : 100=0.03%, 250=0.01%, 500=0.01%, 750=0.01%, 1000=0.01%
  lat (msec)   : 2000=0.01%, >=2000=0.01%
  cpu          : usr=0.97%, sys=7.74%, ctx=39443103, majf=0, minf=142
  IO depths    : 1=1.2%, 2=2.4%, 4=4.5%, 8=3.1%, 16=88.8%, 32=0.0%, >=64=0.0%
     submit    : 0=0.0%, 4=100.0%, 8=0.0%, 16=0.0%, 32=0.0%, 64=0.0%, >=64=0.0%
     complete  : 0=0.0%, 4=100.0%, 8=0.0%, 16=0.0%, 32=0.0%, 64=0.0%, >=64=0.0%
     issued rwts: total=34897464,14948477,0,0 short=0,0,0,0 dropped=0,0,0,0
     latency   : target=0, window=0, percentile=100.00%, depth=16

Run status group 0 (all jobs):
   READ: bw=1920MiB/s (2013MB/s), 1920MiB/s-1920MiB/s (2013MB/s-2013MB/s), io=2130GiB (2287GB), run=1135904-1135904msec
  WRITE: bw=822MiB/s (862MB/s), 822MiB/s-822MiB/s (862MB/s-862MB/s), io=912GiB (980GB), run=1135904-1135904msec

test1: (groupid=0, jobs=4): err= 0: pid=1010503: Fri Sep 11 08:55:51 2026
  read: IOPS=31.4k, BW=1963MiB/s (2059MB/s)(2236GiB/1165904msec)
    slat (nsec): min=1983, max=166591, avg=6110.17, stdev=1559.29
    clat (usec): min=172, max=442471k, avg=847.87, stdev=255082.25
     lat (usec): min=178, max=442471k, avg=853.98, stdev=255082.25
    clat percentiles (usec):
     | 50.000th=[     562], 95.000th=[    1188], 99.000th=[    2245],
     | 99.990th=[   27395], 99.999th=[   69731], 100.000th=[17112761]
   bw (  MiB/s): min=    4, max= 4930, per=100.00%, avg=3249.32, stdev=312.37, samples=2812
   iops        : min=   74, max=78892, avg=51989.16, stdev=4997.97, samples=2812
  write: IOPS=13.5k, BW=841MiB/s (882MB/s)(958GiB/1165904msec); 0 zone resets
    slat (usec): min=2, max=150, avg= 6.95, stdev= 1.70
    clat (usec): min=249, max=440017k, avg=1141.29, stdev=273144.60
     lat (usec): min=255, max=440017k, avg=1148.24, stdev=273144.60
    clat percentiles (usec):
     | 50.000th=[     644], 95.000th=[    1205], 99.000th=[    3654],
     | 99.990th=[  175113], 99.999th=[  358613], 100.000th=[17112761]
   bw (  MiB/s): min=    0, max= 2148, per=100.00%, avg=1389.76, stdev=134.42, samples=2816
   iops        : min=    0, max=34371, avg=22236.18, stdev=2150.72, samples=2816
  lat (usec)   : 250=0.42%, 500=28.29%, 750=45.53%, 1000=15.98%
  lat (msec)   : 2=8.30%, 4=0.99%, 10=0.29%, 20=0.07%, 50=0.07%
  lat (msec)   : 100=0.03%, 250=0.01%, 500=0.01%, 750=0.01%, 1000=0.01%
  lat (msec)   : 2000=0.01%, >=2000=0.01%
  cpu          : usr=0.98%, sys=7.92%, ctx=41318473, majf=0, minf=142
  IO depths    : 1=1.1%, 2=2.3%, 4=4.3%, 8=2.9%, 16=89.3%, 32=0.0%, >=64=0.0%
     submit    : 0=0.0%, 4=100.0%, 8=0.0%, 16=0.0%, 32=0.0%, 64=0.0%, >=64=0.0%
     complete  : 0=0.0%, 4=100.0%, 8=0.0%, 16=0.0%, 32=0.0%, 64=0.0%, >=64=0.0%
     issued rwts: total=36626745,15688091,0,0 short=0,0,0,0 dropped=0,0,0,0
     latency   : target=0, window=0, percentile=100.00%, depth=16

Run status group 0 (all jobs):
   READ: bw=1963MiB/s (2059MB/s), 1963MiB/s-1963MiB/s (2059MB/s-2059MB/s), io=2236GiB (2400GB), run=1165904-1165904msec
  WRITE: bw=841MiB/s (882MB/s), 841MiB/s-841MiB/s (882MB/s-882MB/s), io=958GiB (1028GB), run=1165904-1165904msec

test1: (groupid=0, jobs=4): err= 0: pid=1010503: Fri Sep 11 08:56:21 2026
  read: IOPS=32.2k, BW=2010MiB/s (2107MB/s)(2347GiB/1195904msec)
    slat (nsec): min=1983, max=166591, avg=6116.12, stdev=1559.11
    clat (usec): min=172, max=442471k, avg=837.39, stdev=248948.35
     lat (usec): min=178, max=442471k, avg=843.51, stdev=248948.35
    clat percentiles (usec):
     | 50.000th=[     562], 95.000th=[    1188], 99.000th=[    2212],
     | 99.990th=[   26870], 99.999th=[   68682], 100.000th=[17112761]
   bw (  MiB/s): min=    4, max= 4930, per=100.00%, avg=3270.57, stdev=313.29, samples=2932
   iops        : min=   74, max=78892, avg=52329.07, stdev=5012.66, samples=2932
  write: IOPS=13.8k, BW=861MiB/s (903MB/s)(1005GiB/1195904msec); 0 zone resets
    slat (usec): min=2, max=150, avg= 6.96, stdev= 1.70
    clat (usec): min=249, max=440017k, avg=1132.97, stdev=266578.75
     lat (usec): min=255, max=440017k, avg=1139.93, stdev=266578.75
    clat percentiles (usec):
     | 50.000th=[     652], 95.000th=[    1205], 99.000th=[    3589],
     | 99.990th=[  175113], 99.999th=[  379585], 100.000th=[17112761]
   bw (  MiB/s): min=    0, max= 2148, per=100.00%, avg=1398.95, stdev=134.79, samples=2936
   iops        : min=    0, max=34371, avg=22383.23, stdev=2156.61, samples=2936
  lat (usec)   : 250=0.40%, 500=28.04%, 750=46.02%, 1000=15.92%
  lat (msec)   : 2=8.16%, 4=0.98%, 10=0.29%, 20=0.07%, 50=0.07%
  lat (msec)   : 100=0.03%, 250=0.01%, 500=0.01%, 750=0.01%, 1000=0.01%
  lat (msec)   : 2000=0.01%, >=2000=0.01%
  cpu          : usr=0.99%, sys=8.11%, ctx=43285611, majf=0, minf=142
  IO depths    : 1=1.1%, 2=2.2%, 4=4.1%, 8=2.8%, 16=89.8%, 32=0.0%, >=64=0.0%
     submit    : 0=0.0%, 4=100.0%, 8=0.0%, 16=0.0%, 32=0.0%, 64=0.0%, >=64=0.0%
     complete  : 0=0.0%, 4=100.0%, 8=0.0%, 16=0.0%, 32=0.0%, 64=0.0%, >=64=0.0%
     issued rwts: total=38453901,16470699,0,0 short=0,0,0,0 dropped=0,0,0,0
     latency   : target=0, window=0, percentile=100.00%, depth=16

Run status group 0 (all jobs):
   READ: bw=2010MiB/s (2107MB/s), 2010MiB/s-2010MiB/s (2107MB/s-2107MB/s), io=2347GiB (2520GB), run=1195904-1195904msec
  WRITE: bw=861MiB/s (903MB/s), 861MiB/s-861MiB/s (903MB/s-903MB/s), io=1005GiB (1079GB), run=1195904-1195904msec

test1: (groupid=0, jobs=4): err= 0: pid=1010503: Fri Sep 11 08:56:25 2026
  read: IOPS=32.2k, BW=2011MiB/s (2109MB/s)(2357GiB/1200001msec)
    slat (nsec): min=1983, max=166591, avg=6116.30, stdev=1559.00
    clat (usec): min=172, max=442471k, avg=837.43, stdev=248429.62
     lat (usec): min=178, max=442471k, avg=843.54, stdev=248429.62
    clat percentiles (usec):
     | 50.000th=[     562], 95.000th=[    1188], 99.000th=[    2212],
     | 99.990th=[   26870], 99.999th=[   68682], 100.000th=[17112761]
   bw (  MiB/s): min=    4, max= 4930, per=100.00%, avg=3267.42, stdev=313.37, samples=2952
   iops        : min=   74, max=78892, avg=52278.71, stdev=5013.88, samples=2952
  write: IOPS=13.8k, BW=861MiB/s (903MB/s)(1009GiB/1200001msec); 0 zone resets
    slat (usec): min=2, max=150, avg= 6.96, stdev= 1.70
    clat (usec): min=249, max=440017k, avg=1135.80, stdev=266025.12
     lat (usec): min=255, max=440017k, avg=1142.76, stdev=266025.12
    clat percentiles (usec):
     | 50.000th=[     652], 95.000th=[    1205], 99.000th=[    3654],
     | 99.990th=[  175113], 99.999th=[  379585], 100.000th=[17112761]
   bw (  MiB/s): min=    0, max= 2148, per=100.00%, avg=1397.60, stdev=134.81, samples=2956
   iops        : min=    0, max=34371, avg=22361.51, stdev=2156.93, samples=2956
  lat (usec)   : 250=0.40%, 500=27.95%, 750=45.97%, 1000=16.02%
  lat (msec)   : 2=8.21%, 4=0.98%, 10=0.29%, 20=0.07%, 50=0.07%
  lat (msec)   : 100=0.03%, 250=0.01%, 500=0.01%, 750=0.01%, 1000=0.01%
  lat (msec)   : 2000=0.01%, >=2000=0.01%
  cpu          : usr=0.99%, sys=8.11%, ctx=43471631, majf=0, minf=146
  IO depths    : 1=1.1%, 2=2.2%, 4=4.1%, 8=2.8%, 16=89.8%, 32=0.0%, >=64=0.0%
     submit    : 0=0.0%, 4=100.0%, 8=0.0%, 16=0.0%, 32=0.0%, 64=0.0%, >=64=0.0%
     complete  : 0=0.0%, 4=100.0%, 8=0.0%, 16=0.1%, 32=0.0%, 64=0.0%, >=64=0.0%
     issued rwts: total=38614612,16539352,0,0 short=0,0,0,0 dropped=0,0,0,0
     latency   : target=0, window=0, percentile=100.00%, depth=16

Run status group 0 (all jobs):
   READ: bw=2011MiB/s (2109MB/s), 2011MiB/s-2011MiB/s (2109MB/s-2109MB/s), io=2357GiB (2531GB), run=1200001-1200001msec
  WRITE: bw=861MiB/s (903MB/s), 861MiB/s-861MiB/s (903MB/s-903MB/s), io=1009GiB (1084GB), run=1200001-1200001msec
